Number	8000
Desc	kw1~
End

Number	8001
Desc	kw2~
End

Number	8002
Desc	Defeated the archenemy of a mighty karmic wyrm.~
End

Number	8100
Desc	rw1~
End

Number	8101
Desc	Rescued a rogue wizard prisoner of war.~
End

Number	9000
Desc	Explored an ancient and mystical garden maze.~
End

Number	8500
Desc	qb1~
End

Number	8501
Desc	qb2~
End

Number	8502
Desc	Stole a prized golden lyre from a master bard.~
End

Number	8503
Desc	Returned a prized golden lyre to a master bard.~
End

Number	5000
Desc	cat~
End

Number	5001
Desc	Adhered to the principles of the Cat Lord and thus rose to great fame.~
End

Number	5002
Desc	Adhered to the principles of the Cat Lord, but fell from grace.~
End

Number	1
Desc	TPS~
End

Number	9001
Desc	GMT~
End

Number	8003
Desc	KWT~
End

Number	8102
Desc	RWT~
End

Number	8504
Desc	QBT~
End

Number	69
Desc	Paid for sex.~
End

Number	8550
Desc	Restored a prince from a terrible transformation.~
End

Number	18400
Desc	gcl~
End

Number	18401
Desc	Retrieved a giant pearl for an aquatic king.~
End

Number	19004
Desc	DDQ~
End

Number	19005
Desc	Recovered a ruby axe for an old dwarven warrior.~
End

Number	19406
Desc	DSQ~
End

Number	19407
Desc	ESQ~
End

Number	19408
Desc	Slew an elven ranger.~
End

Number	19409
Desc	Slew a drow assassin.~
End

Number	7500
Desc	yes~
End

Number	7501
Desc	bla~
End

Number	7502
Desc	mon~
End

Number	7503
Desc	dob~
End

Number	7504
Desc	Helped solve a mystery.~
End

Number	2000
Desc	Ventured to the depths of the Abyss and lived to tell the tale.~
End

Number	2001
Desc	ABY~
End

Number	2002
Desc	HEL~
End

Number	0
Desc	7500~
End

Number	7505
Desc	yem~
End

Number	7506
Desc	che~
End

Number	19410
Desc	Slew an elven ranger.~
End

Number	19411
Desc	Slew a drow assassin.~
End

Number	14000
Desc	RQS~
End

Number	14001
Desc	Slew the One True Master.~
End

Number	666
Desc	SOL~
End

Number	665
Desc	Sold their soul for grace and agility.~
End

Number	14065
Desc	EX1~
End

Number	7800
Desc	gc1~
End

Number	7801
Desc	gc2~
End

Number	7802
Desc	Brought back a magical crown to a powerful archmage.~
End

Number	7803
Desc	Brought back a magical crown to a powerful sorceress.~
End

Number	1500
Desc	Triskal is a moron too.~
End

Number	7202
Desc	SAH~
End

Number	7201
Desc	EEL~
End

Number	7200
Desc	Killed the vicious fishies in an underground lake.~
End

Number	1501
Desc	Sat on the Throne of God and survived.~
End

Number	15056
Desc	Wiped out the monsters in a terrible dungeon.~
End

Number	15050
Desc	SRD~
End

Number	15051
Desc	HYD~
End

Number	15055
Desc	GOR~
End

Number	15054
Desc	DRI~
End

Number	15052
Desc	CYC~
End

Number	15053
Desc	NAG~
End

#END
