zhul~
you~
yes~
wraith~
wizard~
windrider~
wind~
who~
white~
whigger~
west~
werewolf~
water~
washington~
vampire~
vakis~
vagina~
unknown~
umrg~
ucmm~
troll~
troglodyte~
thief~
the~
testies~
testicles~
suzcecoz~
surt~
stock~
stark~
sprite~
spick~
south~
someone~
slith~
skank~
sephiroth~
self~
satan~
roosevelt~
ranger~
quit~
psionicist~
prick~
player~
pixie~
penis~
paladin~
orc~
old~
ogre~
nymph~
north~
noone~
nobody~
no~
nigger~
newbie~
new~
negro~
necromancer~
nagg~
muslim~
mrrshan~
moslem~
mortal~
moron~
monk~
monica~
mohammed~
mobile~
mob~
minotaur~
mage~
lucifer~
lowbie~
loser~
lizardman~
lincoln~
lightning~
light~
lesbian~
leprechaun~
lala~
lag~
kotr~
kobold~
kennedy~
kender~
jesus~
jehovah~
implementor~
immortal~
iduncare~
idiot~
human~
hooker~
hitler~
herpes~
harpy~
green~
gold~
goblin~
gnome~
gith~
ghrike~
geek~
gay~
gargoyle~
gareth~
everyone~
everybody~
elf~
east~
earth~
dyke~
dwarf~
druid~
drow~
dream~
dragonblood~
dragon~
down~
dork~
dope~
disband~
diarrhea~
demon~
cum~
corpse~
copper~
clinton~
cleric~
clear~
centaur~
butthole~
buddha~
bronze~
black~
avatar~
auto~
asshole~
assassin~
anonymous~
anon~
annoying~
allah~
all~
aids~
*xxx~
*whore~
*virus~
*super~
*sucks~
*stupid~
*smell~
*slut~
*shit~
*sex~
*screw~
*queer~
*puss~
*porn~
*poop~
*pms~
*phuck~
*pecker~
*new~
*nazi~
*munch~
*master~
*lord~
*jew~
*ihave~
*head~
*goof~
*god~
*girl~
*fuk~
*fuck~
*fart~
*dumb~
*dick~
*damn~
*cyber~
*cunt~
*clit~
*boom~
*bomb~
*bobbit~
*bitch~
*bang~
*announce~
$~
